Release 14.7 - xst P.20131013 (nt64)
Copyright (c) 1995-2013 Xilinx, Inc.  All rights reserved.
--> Parameter TMPDIR set to xst/projnav.tmp


Total REAL time to Xst completion: 1.00 secs
Total CPU time to Xst completion: 0.22 secs
 
--> Parameter xsthdpdir set to xst


Total REAL time to Xst completion: 1.00 secs
Total CPU time to Xst completion: 0.22 secs
 
--> Reading design: SRAM.prj

TABLE OF CONTENTS
  1) Synthesis Options Summary
  2) HDL Parsing
  3) HDL Elaboration
  4) HDL Synthesis
       4.1) HDL Synthesis Report
  5) Advanced HDL Synthesis
       5.1) Advanced HDL Synthesis Report
  6) Low Level Synthesis
  7) Partition Report
  8) Design Summary
       8.1) Primitive and Black Box Usage
       8.2) Device utilization summary
       8.3) Partition Resource Summary
       8.4) Timing Report
            8.4.1) Clock Information
            8.4.2) Asynchronous Control Signals Information
            8.4.3) Timing Summary
            8.4.4) Timing Details
            8.4.5) Cross Clock Domains Report


=========================================================================
*                      Synthesis Options Summary                        *
=========================================================================
---- Source Parameters
Input File Name                    : "SRAM.prj"
Ignore Synthesis Constraint File   : NO

---- Target Parameters
Output File Name                   : "SRAM"
Output Format                      : NGC
Target Device                      : xc7a100t-3-csg324

---- Source Options
Top Module Name                    : SRAM
Automatic FSM Extraction           : YES
FSM Encoding Algorithm             : Auto
Safe Implementation                : No
FSM Style                          : LUT
RAM Extraction                     : Yes
RAM Style                          : Auto
ROM Extraction                     : Yes
Shift Register Extraction          : YES
ROM Style                          : Auto
Resource Sharing                   : YES
Asynchronous To Synchronous        : NO
Shift Register Minimum Size        : 2
Use DSP Block                      : Auto
Automatic Register Balancing       : No

---- Target Options
LUT Combining                      : Auto
Reduce Control Sets                : Auto
Add IO Buffers                     : YES
Global Maximum Fanout              : 100000
Add Generic Clock Buffer(BUFG)     : 32
Register Duplication               : YES
Optimize Instantiated Primitives   : NO
Use Clock Enable                   : Auto
Use Synchronous Set                : Auto
Use Synchronous Reset              : Auto
Pack IO Registers into IOBs        : Auto
Equivalent register Removal        : YES

---- General Options
Optimization Goal                  : Speed
Optimization Effort                : 1
Power Reduction                    : NO
Keep Hierarchy                     : No
Netlist Hierarchy                  : As_Optimized
RTL Output                         : Yes
Global Optimization                : AllClockNets
Read Cores                         : YES
Write Timing Constraints           : NO
Cross Clock Analysis               : NO
Hierarchy Separator                : /
Bus Delimiter                      : <>
Case Specifier                     : Maintain
Slice Utilization Ratio            : 100
BRAM Utilization Ratio             : 100
DSP48 Utilization Ratio            : 100
Auto BRAM Packing                  : NO
Slice Utilization Ratio Delta      : 5

=========================================================================


=========================================================================
*                          HDL Parsing                                  *
=========================================================================
Parsing VHDL file "D:\XIMENA\Escritorio\arqui\Prac3\memoria RAM de 38x8\SRAM\SRAM.vhd" into library work
Parsing entity <SRAM>.
Parsing architecture <Behavioral> of entity <sram>.

=========================================================================
*                            HDL Elaboration                            *
=========================================================================

Elaborating entity <SRAM> (architecture <Behavioral>) from library <work>.

=========================================================================
*                           HDL Synthesis                               *
=========================================================================

Synthesizing Unit <SRAM>.
    Related source file is "D:\XIMENA\Escritorio\arqui\Prac3\memoria RAM de 38x8\SRAM\SRAM.vhd".
    Found 32x16-bit dual-port RAM <Mram_dato> for signal <dato>.
    Found 5-bit adder for signal <A[4]_GND_5_o_add_1_OUT> created at line 58.
    Summary:
	inferred   1 RAM(s).
	inferred   1 Adder/Subtractor(s).
Unit <SRAM> synthesized.

=========================================================================
HDL Synthesis Report

Macro Statistics
# RAMs                                                 : 1
 32x16-bit dual-port RAM                               : 1
# Adders/Subtractors                                   : 1
 5-bit adder                                           : 1

=========================================================================

=========================================================================
*                       Advanced HDL Synthesis                          *
=========================================================================


Synthesizing (advanced) Unit <SRAM>.
INFO:Xst:3218 - HDL ADVISOR - The RAM <Mram_dato> will be implemented on LUTs either because you have described an asynchronous read or because of currently unsupported block RAM features. If you have described an asynchronous read, making it synchronous would allow you to take advantage of available block RAM resources, for optimized device usage and improved timings. Please refer to your documentation for coding guidelines.
    -----------------------------------------------------------------------
    | ram_type           | Distributed                         |          |
    -----------------------------------------------------------------------
    | Port A                                                              |
    |     aspect ratio   | 32-word x 16-bit                    |          |
    |     clkA           | connected to signal <clk>           | rise     |
    |     weA            | connected to signal <we>            | high     |
    |     addrA          | connected to signal <A>             |          |
    |     diA            | connected to signal <WD>            |          |
    -----------------------------------------------------------------------
    | Port B                                                              |
    |     aspect ratio   | 32-word x 16-bit                    |          |
    |     addrB          | connected to signal <A[4]_GND_5_o_add_1_OUT> |          |
    |     doB            | connected to signal <RD>            |          |
    -----------------------------------------------------------------------
Unit <SRAM> synthesized (advanced).

=========================================================================
Advanced HDL Synthesis Report

Macro Statistics
# RAMs                                                 : 1
 32x16-bit dual-port distributed RAM                   : 1
# Adders/Subtractors                                   : 1
 5-bit adder                                           : 1

=========================================================================

=========================================================================
*                         Low Level Synthesis                           *
=========================================================================

Optimizing unit <SRAM> ...

Mapping all equations...
Building and optimizing final netlist ...
Found area constraint ratio of 100 (+ 5) on block SRAM, actual ratio is 0.

Final Macro Processing ...

=========================================================================
Final Register Report

Found no macro
=========================================================================

=========================================================================
*                           Partition Report                            *
=========================================================================

Partition Implementation Status
-------------------------------

  No Partitions were found in this design.

-------------------------------

=========================================================================
*                            Design Summary                             *
=========================================================================

Top Level Output File Name         : SRAM.ngc

Primitive and Black Box Usage:
------------------------------
# BELS                             : 5
#      GND                         : 1
#      INV                         : 1
#      LUT2                        : 1
#      LUT3                        : 1
#      LUT4                        : 1
# RAMS                             : 6
#      RAM32M                      : 2
#      RAM32X1D                    : 4
# Clock Buffers                    : 1
#      BUFGP                       : 1
# IO Buffers                       : 38
#      IBUF                        : 22
#      OBUF                        : 16

Device utilization summary:
---------------------------

Selected Device : 7a100tcsg324-3 


Slice Logic Utilization: 
 Number of Slice LUTs:                   20  out of  63400     0%  
    Number used as Logic:                 4  out of  63400     0%  
    Number used as Memory:               16  out of  19000     0%  
       Number used as RAM:               16

Slice Logic Distribution: 
 Number of LUT Flip Flop pairs used:     20
   Number with an unused Flip Flop:      20  out of     20   100%  
   Number with an unused LUT:             0  out of     20     0%  
   Number of fully used LUT-FF pairs:     0  out of     20     0%  
   Number of unique control sets:         0

IO Utilization: 
 Number of IOs:                          39
 Number of bonded IOBs:                  39  out of    210    18%  

Specific Feature Utilization:
 Number of BUFG/BUFGCTRLs:                1  out of     32     3%  

---------------------------
Partition Resource Summary:
---------------------------

  No Partitions were found in this design.

---------------------------


=========================================================================
Timing Report

NOTE: THESE TIMING NUMBERS ARE ONLY A SYNTHESIS ESTIMATE.
      FOR ACCURATE TIMING INFORMATION PLEASE REFER TO THE TRACE REPORT
      GENERATED AFTER PLACE-and-ROUTE.

Clock Information:
------------------
-----------------------------------+------------------------+-------+
Clock Signal                       | Clock buffer(FF name)  | Load  |
-----------------------------------+------------------------+-------+
clk                                | BUFGP                  | 6     |
-----------------------------------+------------------------+-------+

Asynchronous Control Signals Information:
----------------------------------------
No asynchronous control signals found in this design

Timing Summary:
---------------
Speed Grade: -3

   Minimum period: No path found
   Minimum input arrival time before clock: 1.070ns
   Maximum output required time after clock: 1.648ns
   Maximum combinational path delay: 1.585ns

Timing Details:
---------------
All values displayed in nanoseconds (ns)

=========================================================================
Timing constraint: Default OFFSET IN BEFORE for Clock 'clk'
  Total number of paths / destination ports: 96 / 72
-------------------------------------------------------------------------
Offset:              1.070ns (Levels of Logic = 2)
  Source:            A<3> (PAD)
  Destination:       Mram_dato32 (RAM)
  Destination Clock: clk rising

  Data Path: A<3> to Mram_dato32
                                Gate     Net
    Cell:in->out      fanout   Delay   Delay  Logical Name (Net Name)
    ----------------------------------------  ------------
     IBUF:I->O             8   0.001   0.589  A_3_IBUF (A_3_IBUF)
     LUT4:I0->O           10   0.097   0.321  A[4]_GND_5_o_add_1_OUT<4>1 (A[4]_GND_5_o_add_1_OUT<4>)
     RAM32X1D:DPRA4            0.063          Mram_dato32
    ----------------------------------------
    Total                      1.070ns (0.161ns logic, 0.909ns route)
                                       (15.0% logic, 85.0% route)

=========================================================================
Timing constraint: Default OFFSET OUT AFTER for Clock 'clk'
  Total number of paths / destination ports: 16 / 16
-------------------------------------------------------------------------
Offset:              1.648ns (Levels of Logic = 1)
  Source:            Mram_dato2 (RAM)
  Destination:       RD<11> (PAD)
  Source Clock:      clk rising

  Data Path: Mram_dato2 to RD<11>
                                Gate     Net
    Cell:in->out      fanout   Delay   Delay  Logical Name (Net Name)
    ----------------------------------------  ------------
     RAM32M:WCLK->DOC1     1   1.369   0.279  Mram_dato2 (RD_11_OBUF)
     OBUF:I->O                 0.000          RD_11_OBUF (RD<11>)
    ----------------------------------------
    Total                      1.648ns (1.369ns logic, 0.279ns route)
                                       (83.1% logic, 16.9% route)

=========================================================================
Timing constraint: Default path analysis
  Total number of paths / destination ports: 176 / 16
-------------------------------------------------------------------------
Delay:               1.585ns (Levels of Logic = 4)
  Source:            A<3> (PAD)
  Destination:       RD<11> (PAD)

  Data Path: A<3> to RD<11>
                                Gate     Net
    Cell:in->out      fanout   Delay   Delay  Logical Name (Net Name)
    ----------------------------------------  ------------
     IBUF:I->O             8   0.001   0.589  A_3_IBUF (A_3_IBUF)
     LUT4:I0->O           10   0.097   0.321  A[4]_GND_5_o_add_1_OUT<4>1 (A[4]_GND_5_o_add_1_OUT<4>)
     RAM32M:ADDRA4->DOA1    1   0.299   0.279  Mram_dato1 (RD_1_OBUF)
     OBUF:I->O                 0.000          RD_1_OBUF (RD<1>)
    ----------------------------------------
    Total                      1.585ns (0.397ns logic, 1.188ns route)
                                       (25.0% logic, 75.0% route)

=========================================================================

Cross Clock Domains Report:
--------------------------

=========================================================================


Total REAL time to Xst completion: 13.00 secs
Total CPU time to Xst completion: 12.27 secs
 
--> 

Total memory usage is 4618008 kilobytes

Number of errors   :    0 (   0 filtered)
Number of warnings :    0 (   0 filtered)
Number of infos    :    1 (   0 filtered)

